// Jest Snapshot v1, https://goo.gl/fbAQLP

exports[`removeEmptyElements() Empty HTML nodes should be removed from DOM. 1`] = `"<span id=\\"scope\\">abc</span>"`;

exports[`removeEmptyElements() Multiple empty HTML nodes should be removed from DOM. 1`] = `"<span id=\\"scope\\">abc</span>"`;

exports[`removeEmptyElements() Multiple nested empty HTML nodes should be removed from DOM. 1`] = `"<span id=\\"scope\\">abc</span>"`;

exports[`removeEmptyElements() Nested empty HTML nodes should be removed from DOM. 1`] = `"<span id=\\"scope\\">abc</span>"`;
